# Consolidated success-rate index for octo_parallel_20260928_021558; raw logs remain in each source file.
config=01 task=board_duff_train Results: [] 0 0.0 source=logs/octo_atomic_full_20260927_021655.log
config=02 task=board_nestle_train Results: [] 0 0.0 source=logs/octo_atomic_full_20260927_021655.log
config=03 task=board_vanish_train Results: [] 0 0.0 source=logs/octo_atomic_full_20260927_021655.log
config=04 task=open_fridge_train Results: [] 0 0.0 source=logs/octo_atomic_full_20260927_021655.log
config=05 task=close_fridge_train Results: [] 0 0.0 source=logs/octo_atomic_full_20260927_021655.log
config=06 task=open_showcase_train Results: [] 0 0.0 source=logs/octo_atomic_full_20260927_021655.log
config=07 task=close_showcase_train Results: [104] 1 0.03333333333333333 source=logs/octo_atomic_full_20260927_021655.log
config=08 task=floor_beans_train Results: [] 0 0.0 source=logs/octo_atomic_resume_20260927_092850.log
config=09 task=floor_slam_train Results: [] 0 0.0 source=logs/octo_atomic_resume_20260927_092850.log
config=10 task=basket_fanta_train Results: [] 0 0.0 source=logs/octo_atomic_resume_20260927_092850.log
config=11 task=basket_nivea_train Results: [] 0 0.0 source=logs/octo_atomic_resume_20260927_092850.log
config=12 task=basket_stars_train Results: [] 0 0.0 source=logs/octo_atomic_resume_20260927_092850.log
config=13 task=board_duff_robo Results: [] 0 0.0 source=logs/octo_atomic_resume_20260927_092850.log
config=14 task=board_nestle_robo Results: [] 0 0.0 source=logs/octo_atomic_resume_20260927_092850.log
config=15 task=board_vanish_robo Results: [] 0 0.0 source=logs/octo_atomic_resume_20260927_092850.log
config=16 task=open_fridge_robo Results: [] 0 0.0 source=logs/octo_atomic_resume_20260927_092850.log
config=17 task=close_fridge_robo Results: [] 0 0.0 source=logs/octo_atomic_resume2_20260928_013647.log
config=18 task=open_showcase_robo Results: [] 0 0.0 source=logs/octo_parallel_20260928_021558_config18.log
config=19 task=close_showcase_robo Results: [] 0 0.0 source=logs/octo_parallel_20260928_021558_config19.log
config=20 task=floor_beans_robo Results: [] 0 0.0 source=logs/octo_parallel_20260928_021558_config20.log
config=21 task=floor_slam_robo Results: [] 0 0.0 source=logs/octo_parallel_20260928_021558_config21.log
config=22 task=basket_fanta_robo Results: [] 0 0.0 source=logs/octo_parallel_20260928_021558_config22.log
config=23 task=basket_nivea_robo Results: [] 0 0.0 source=logs/octo_parallel_20260928_021558_config23.log
config=24 task=basket_stars_robo Results: [] 0 0.0 source=logs/octo_parallel_20260928_021558_config24.log
config=25 task=board_duff_uns Results: [] 0 0.0 source=logs/octo_parallel_20260928_021558_config25.log
config=26 task=board_nestle_uns Results: [] 0 0.0 source=logs/octo_parallel_20260928_021558_config26.log
config=27 task=board_vanish_uns Results: [] 0 0.0 source=logs/octo_parallel_20260928_021558_config27.log
config=28 task=open_fridge_uns Results: [] 0 0.0 source=logs/octo_parallel_20260928_021558_config28.log
config=29 task=close_fridge_uns Results: [] 0 0.0 source=logs/octo_parallel_20260928_021558_config29.log
config=30 task=open_showcase_uns Results: [] 0 0.0 source=logs/octo_parallel_20260928_021558_config30.log
config=31 task=close_showcase_uns Results: [42005, 42010, 42019] 3 0.1 source=logs/octo_parallel_20260928_021558_config31.log
config=32 task=floor_beans_uns Results: [] 0 0.0 source=logs/octo_parallel_20260928_021558_config32.log
config=33 task=floor_slam_uns Results: [] 0 0.0 source=logs/octo_parallel_20260928_021558_config33.log
config=34 task=basket_fanta_uns Results: [] 0 0.0 source=logs/octo_parallel_20260928_021558_config34.log
config=35 task=basket_nivea_uns Results: [] 0 0.0 source=logs/octo_parallel_20260928_021558_config35.log
config=36 task=basket_stars_uns Results: [] 0 0.0 source=logs/octo_parallel_20260928_021558_config36.log
config=37 task=board_nivea_ood Results: [] 0 0.0 source=logs/octo_parallel_20260928_021558_config37.log
config=38 task=board_fanta_ood Results: [] 0 0.0 source=logs/octo_parallel_20260928_021558_config38.log
config=39 task=floor_fanta_ood Results: [] 0 0.0 source=logs/octo_parallel_20260928_021558_config39.log
config=40 task=floor_duff_ood Results: [] 0 0.0 source=logs/octo_parallel_20260928_021558_config40.log
config=41 task=basket_nestle_ood Results: [] 0 0.0 source=logs/octo_parallel_20260928_021558_config41.log
config=42 task=basket_slam_ood Results: [] 0 0.0 source=logs/octo_parallel_20260928_021558_config42.log
