2026-09-27 19:16:13.386110: I tensorflow/core/util/port.cc:113] oneDNN custom operations are on. You may see slightly different numerical results due to floating-point round-off errors from different computation orders. To turn them off, set the environment variable `TF_ENABLE_ONEDNN_OPTS=0`.
2026-09-27 19:16:13.438255: E external/local_xla/xla/stream_executor/cuda/cuda_dnn.cc:9261] Unable to register cuDNN factory: Attempting to register factory for plugin cuDNN when one has already been registered
2026-09-27 19:16:13.438284: E external/local_xla/xla/stream_executor/cuda/cuda_fft.cc:607] Unable to register cuFFT factory: Attempting to register factory for plugin cuFFT when one has already been registered
2026-09-27 19:16:13.439786: E external/local_xla/xla/stream_executor/cuda/cuda_blas.cc:1515] Unable to register cuBLAS factory: Attempting to register factory for plugin cuBLAS when one has already been registered
2026-09-27 19:16:13.447457: I tensorflow/core/platform/cpu_feature_guard.cc:182] This TensorFlow binary is optimized to use available CPU instructions in performance-critical operations.
To enable the following instructions: AVX2 AVX512F AVX512_VNNI AVX512_BF16 AVX_VNNI AMX_TILE AMX_INT8 AMX_BF16 FMA, in other operations, rebuild TensorFlow with the appropriate compiler flags.
2026-09-27 19:16:14.293592: W tensorflow/compiler/tf2tensorrt/utils/py_utils.cc:38] TF-TRT Warning: Could not find TensorRT
Gym has been unmaintained since 2022 and does not support NumPy 2.0 amongst other critical functionality.
Please upgrade to Gymnasium, the maintained drop-in replacement of Gym, or contact the authors of your software and request that they upgrade.
Users of this version of Gym should be able to simply replace 'import gym' with 'import gymnasium as gym' in the vast majority of cases.
See the migration guide at https://gymnasium.farama.org/introduction/migration_guide/ for additional information.
/root/miniconda3/envs/octo_rbm/lib/python3.10/site-packages/transformers/models/t5/tokenization_t5_fast.py:158: FutureWarning: This tokenizer was incorrectly instantiated with a model max length of 512 which will be corrected in Transformers v5.
For now, this behavior is kept to avoid breaking backwards compatibility when padding/encoding with `truncation is True`.
- Be aware that you SHOULD NOT rely on t5-base automatically truncating your input to 512 when padding/encoding.
- If you want to encode/pad to sequences longer than 512 you can either instantiate this tokenizer with `model_max_length` or pass `max_length` when encoding/padding.
- To avoid this warning, please instantiate this tokenizer with `model_max_length` set to your preferred value.
  warnings.warn(
INFO:websockets.server:server listening on 127.0.0.1:8002
INFO:websockets.server:connection open
WARNING:root:'observations' contains extra items compared to example_batch: {'image_secondary'}
WARNING:root:'observations' is missing items compared to example_batch: {'pad_mask_dict/image_primary', 'pad_mask_dict/image_wrist', 'pad_mask_dict/timestep', 'task_completed', 'timestep'}
WARNING:root:No pad_mask_dict found. Nothing will be masked.
WARNING:root:No pad_mask_dict found. Nothing will be masked.
INFO:websockets.server:connection open
INFO:websockets.server:connection open
INFO:websockets.server:connection open
INFO:websockets.server:connection open
INFO:websockets.server:connection open
INFO:websockets.server:connection open
